// Jest Snapshot v1, https://goo.gl/fbAQLP

exports[`render renders without crashing 1`] = `
.c1 {
  display: -webkit-box;
  display: -webkit-flex;
  display: -ms-flexbox;
  display: flex;
  -webkit-flex: 0 0 auto;
  -ms-flex: 0 0 auto;
  flex: 0 0 auto;
}

.c2 {
  -webkit-flex: 1;
  -ms-flex: 1;
  flex: 1;
  padding: 0 8px;
}

.c0 {
  -webkit-align-items: center;
  -webkit-box-align: center;
  -ms-flex-align: center;
  align-items: center;
  background-color: red;
  border-radius: 0;
  box-sizing: border-box;
  display: -webkit-box;
  display: -webkit-flex;
  display: -ms-flexbox;
  display: flex;
  padding: 12px;
  width: 100%;
}

<div
  className="c0"
  color="red"
>
  <div
    className="c1"
  >
    Icon
  </div>
  <div
    className="c2"
  >
    Content
  </div>
</div>
`;
