// Jest Snapshot v1, https://goo.gl/fbAQLP

exports[`<Histogram /> render when data passed in renders the correct amount of bars 1`] = `
.c0 {
  max-width: 248px;
}

.c0 .tick line {
  opacity: 0.3;
}

.c0 .tick text {
  color: #747474;
}

.c0 .tick:first-child line {
  opacity: 0.5;
}

.c0 .bar {
  fill: #3AB5F0;
  cursor: pointer;
  opacity: 0.7;
  -webkit-transition: all 0.3s linear;
  transition: all 0.3s linear;
}

.c0 .bar:hover {
  fill: #0f8dc9;
}

<svg
  className="c0"
  data={
    Array [
      Object {
        "avg": 24.083983203359328,
        "bin": 0,
        "end": 32.3333333333333,
        "freq": 1667,
        "max": 32,
        "min": 9,
        "normalized": 0.7874350495984884,
        "start": 9,
      },
      Object {
        "avg": 44.31979215871516,
        "bin": 1,
        "end": 55.6666666666666,
        "freq": 2117,
        "max": 55,
        "min": 33,
        "normalized": 1,
        "start": 32.3333333333333,
      },
      Object {
        "avg": 66.23076923076923,
        "bin": 2,
        "end": 78.9999999999999,
        "freq": 1638,
        "max": 78,
        "min": 56,
        "normalized": 0.7737364194615022,
        "start": 55.6666666666666,
      },
      Object {
        "avg": 89.14472455648927,
        "bin": 3,
        "end": 102.3333333333332,
        "freq": 1071,
        "max": 102,
        "min": 79,
        "normalized": 0.5059045819555975,
        "start": 78.9999999999999,
      },
      Object {
        "avg": 116.11572700296736,
        "bin": 4,
        "end": 125.6666666666665,
        "freq": 337,
        "max": 125,
        "min": 103,
        "normalized": 0.15918752952290977,
        "start": 102.3333333333332,
      },
      Object {
        "avg": 136.61666666666667,
        "bin": 5,
        "end": 149,
        "freq": 180,
        "max": 149,
        "min": 127,
        "normalized": 0.08502598016060463,
        "start": 125.6666666666665,
      },
    ]
  }
  height={160}
  width={248}
/>
`;

exports[`<Histogram /> update when data changes should call the update method or the chart 1`] = `
.c0 {
  max-width: 248px;
}

.c0 .tick line {
  opacity: 0.3;
}

.c0 .tick text {
  color: #747474;
}

.c0 .tick:first-child line {
  opacity: 0.5;
}

.c0 .bar {
  fill: #3AB5F0;
  cursor: pointer;
  opacity: 0.7;
  -webkit-transition: all 0.3s linear;
  transition: all 0.3s linear;
}

.c0 .bar:hover {
  fill: #0f8dc9;
}

<svg
  className="c0"
  data={
    Array [
      Object {
        "avg": 24.083983203359328,
        "bin": 0,
        "end": 32.3333333333333,
        "freq": 1667,
        "max": 32,
        "min": 9,
        "normalized": 0.7874350495984884,
        "start": 9,
      },
      Object {
        "avg": 44.31979215871516,
        "bin": 1,
        "end": 55.6666666666666,
        "freq": 2117,
        "max": 55,
        "min": 33,
        "normalized": 1,
        "start": 32.3333333333333,
      },
      Object {
        "avg": 66.23076923076923,
        "bin": 2,
        "end": 78.9999999999999,
        "freq": 1638,
        "max": 78,
        "min": 56,
        "normalized": 0.7737364194615022,
        "start": 55.6666666666666,
      },
      Object {
        "avg": 89.14472455648927,
        "bin": 3,
        "end": 102.3333333333332,
        "freq": 1071,
        "max": 102,
        "min": 79,
        "normalized": 0.5059045819555975,
        "start": 78.9999999999999,
      },
      Object {
        "avg": 116.11572700296736,
        "bin": 4,
        "end": 125.6666666666665,
        "freq": 337,
        "max": 125,
        "min": 103,
        "normalized": 0.15918752952290977,
        "start": 102.3333333333332,
      },
      Object {
        "avg": 136.61666666666667,
        "bin": 5,
        "end": 149,
        "freq": 180,
        "max": 149,
        "min": 127,
        "normalized": 0.08502598016060463,
        "start": 125.6666666666665,
      },
    ]
  }
  height={160}
  width={248}
/>
`;

exports[`<Histogram /> update when data changes should call the update method or the chart 2`] = `
.c0 {
  max-width: 248px;
}

.c0 .tick line {
  opacity: 0.3;
}

.c0 .tick text {
  color: #747474;
}

.c0 .tick:first-child line {
  opacity: 0.5;
}

.c0 .bar {
  fill: #3AB5F0;
  cursor: pointer;
  opacity: 0.7;
  -webkit-transition: all 0.3s linear;
  transition: all 0.3s linear;
}

.c0 .bar:hover {
  fill: #0f8dc9;
}

<svg
  className="c0"
  data={Array []}
  height={160}
  width={248}
/>
`;
